[2026-05-25T20:26:09.984Z] DISCOVERED application-ui: found groups in sidebar
[2026-05-25T20:26:14.785Z] DISCOVERED marketing: found groups in sidebar
[2026-05-25T20:26:19.697Z] DISCOVERED ecommerce: found groups in sidebar
[2026-05-25T20:26:19.722Z] TOTAL DISCOVERED: 93 pages
[2026-05-25T20:26:19.725Z] INDEX cypress/fixtures/snippets/index.json (93 entries)
[2026-05-25T20:26:19.730Z] VISIT [1/93] application-ui > Application Shells > Stacked Layouts
[2026-05-25T20:26:27.117Z]   → Stacked Layouts: 2 code blocks found
[2026-05-25T20:26:27.124Z] VISIT [2/93] application-ui > Application Shells > Sidebar Layouts
[2026-05-25T20:26:31.961Z]   → Sidebar Layouts: 0 code blocks found
[2026-05-25T20:26:31.967Z] VISIT [3/93] application-ui > Application Shells > Multi-Column Layouts
[2026-05-25T20:26:36.295Z]   → Multi-Column Layouts: 0 code blocks found
[2026-05-25T20:26:36.302Z] VISIT [4/93] application-ui > Headings > Page Headings
[2026-05-25T20:26:42.629Z]   → Page Headings: 2 code blocks found
[2026-05-25T20:26:42.637Z] VISIT [5/93] application-ui > Headings > Card Headings
[2026-05-25T20:26:46.332Z]   → Card Headings: 0 code blocks found
[2026-05-25T20:26:46.341Z] VISIT [6/93] application-ui > Headings > Section Headings
[2026-05-25T20:26:49.856Z]   → Section Headings: 0 code blocks found
[2026-05-25T20:26:49.869Z] VISIT [7/93] application-ui > Data Display > Description Lists
[2026-05-25T20:26:53.850Z]   → Description Lists: 2 code blocks found
[2026-05-25T20:26:53.859Z] VISIT [8/93] application-ui > Data Display > Stats
[2026-05-25T20:26:56.740Z]   → Stats: 0 code blocks found
[2026-05-25T20:26:56.750Z] VISIT [9/93] application-ui > Data Display > Calendars
[2026-05-25T20:27:01.586Z]   → Calendars: 0 code blocks found
[2026-05-25T20:27:01.597Z] VISIT [10/93] application-ui > Lists > Stacked Lists
[2026-05-25T20:27:08.239Z]   → Stacked Lists: 2 code blocks found
[2026-05-25T20:27:08.249Z] VISIT [11/93] application-ui > Lists > Tables
[2026-05-25T20:27:14.718Z]   → Tables: 0 code blocks found
[2026-05-25T20:27:14.729Z] VISIT [12/93] application-ui > Lists > Grid Lists
[2026-05-25T20:27:19.061Z]   → Grid Lists: 0 code blocks found
[2026-05-25T20:27:19.074Z] VISIT [13/93] application-ui > Lists > Feeds
[2026-05-25T20:27:22.478Z]   → Feeds: 0 code blocks found
[2026-05-25T20:27:22.487Z] VISIT [14/93] application-ui > Forms > Form Layouts
[2026-05-25T20:27:27.469Z]   → Form Layouts: 2 code blocks found
[2026-05-25T20:27:27.481Z] VISIT [15/93] application-ui > Forms > Input Groups
[2026-05-25T20:27:31.663Z]   → Input Groups: 2 code blocks found
[2026-05-25T20:27:31.679Z] VISIT [16/93] application-ui > Forms > Select Menus
[2026-05-25T20:27:35.594Z]   → Select Menus: 2 code blocks found
[2026-05-25T20:27:35.609Z] VISIT [17/93] application-ui > Forms > Sign-in and Registration
[2026-05-25T20:27:39.855Z]   → Sign-in and Registration: 2 code blocks found
[2026-05-25T20:27:39.875Z] VISIT [18/93] application-ui > Forms > Textareas
[2026-05-25T20:27:43.446Z]   → Textareas: 0 code blocks found
[2026-05-25T20:27:43.532Z] VISIT [19/93] application-ui > Forms > Radio Groups
[2026-05-25T20:27:47.729Z]   → Radio Groups: 0 code blocks found
[2026-05-25T20:27:47.751Z] VISIT [20/93] application-ui > Forms > Checkboxes
[2026-05-25T20:27:50.811Z]   → Checkboxes: 0 code blocks found
[2026-05-25T20:27:50.828Z] VISIT [21/93] application-ui > Forms > Toggles
[2026-05-25T20:27:53.663Z]   → Toggles: 0 code blocks found
[2026-05-25T20:27:53.681Z] VISIT [22/93] application-ui > Forms > Action Panels
[2026-05-25T20:27:57.086Z]   → Action Panels: 0 code blocks found
[2026-05-25T20:27:57.102Z] VISIT [23/93] application-ui > Forms > Comboboxes
[2026-05-25T20:28:01.912Z]   → Comboboxes: 0 code blocks found
[2026-05-25T20:28:01.934Z] VISIT [24/93] application-ui > Feedback > Alerts
[2026-05-25T20:28:05.036Z]   → Alerts: 0 code blocks found
[2026-05-25T20:28:05.046Z] VISIT [25/93] application-ui > Feedback > Empty States
[2026-05-25T20:28:09.138Z]   → Empty States: 0 code blocks found
[2026-05-25T20:28:09.157Z] VISIT [26/93] application-ui > Navigation > Navbars
[2026-05-25T20:28:13.867Z]   → Navbars: 2 code blocks found
[2026-05-25T20:28:13.887Z] VISIT [27/93] application-ui > Navigation > Pagination
[2026-05-25T20:28:16.719Z]   → Pagination: 2 code blocks found
[2026-05-25T20:28:16.733Z] VISIT [28/93] application-ui > Navigation > Tabs
[2026-05-25T20:28:19.895Z]   → Tabs: 0 code blocks found
[2026-05-25T20:28:19.912Z] VISIT [29/93] application-ui > Navigation > Vertical Navigation
[2026-05-25T20:28:23.310Z]   → Vertical Navigation: 0 code blocks found
[2026-05-25T20:28:23.326Z] VISIT [30/93] application-ui > Navigation > Sidebar Navigation
[2026-05-25T20:28:27.414Z]   → Sidebar Navigation: 0 code blocks found
[2026-05-25T20:28:27.433Z] VISIT [31/93] application-ui > Navigation > Breadcrumbs
[2026-05-25T20:28:31.066Z]   → Breadcrumbs: 0 code blocks found
[2026-05-25T20:28:31.090Z] VISIT [32/93] application-ui > Navigation > Progress Bars
[2026-05-25T20:28:34.293Z]   → Progress Bars: 0 code blocks found
[2026-05-25T20:28:34.313Z] VISIT [33/93] application-ui > Navigation > Command Palettes
[2026-05-25T20:28:42.377Z]   → Command Palettes: 0 code blocks found
[2026-05-25T20:28:42.502Z] VISIT [34/93] application-ui > Overlays > Modal Dialogs
[2026-05-25T20:28:46.062Z]   → Modal Dialogs: 2 code blocks found
[2026-05-25T20:28:46.083Z] VISIT [35/93] application-ui > Overlays > Drawers
[2026-05-25T20:28:52.270Z]   → Drawers: 2 code blocks found
[2026-05-25T20:28:52.291Z] VISIT [36/93] application-ui > Overlays > Notifications
[2026-05-25T20:28:55.952Z]   → Notifications: 0 code blocks found
[2026-05-25T20:28:55.972Z] VISIT [37/93] application-ui > Elements > Avatars
[2026-05-25T20:29:01.398Z]   → Avatars: 2 code blocks found
[2026-05-25T20:29:01.420Z] VISIT [38/93] application-ui > Elements > Badges
[2026-05-25T20:29:05.154Z]   → Badges: 2 code blocks found
[2026-05-25T20:29:05.180Z] VISIT [39/93] application-ui > Elements > Dropdowns
[2026-05-25T20:29:08.388Z]   → Dropdowns: 4 code blocks found
[2026-05-25T20:29:08.409Z] VISIT [40/93] application-ui > Elements > Buttons
[2026-05-25T20:29:11.563Z]   → Buttons: 0 code blocks found
[2026-05-25T20:29:11.588Z] VISIT [41/93] application-ui > Elements > Button Groups
[2026-05-25T20:29:14.884Z]   → Button Groups: 0 code blocks found
[2026-05-25T20:29:14.920Z] VISIT [42/93] application-ui > Layout > Containers
[2026-05-25T20:29:18.233Z]   → Containers: 0 code blocks found
[2026-05-25T20:29:18.263Z] VISIT [43/93] application-ui > Layout > Cards
[2026-05-25T20:29:22.438Z]   → Cards: 0 code blocks found
[2026-05-25T20:29:22.463Z] VISIT [44/93] application-ui > Layout > List containers
[2026-05-25T20:29:26.070Z]   → List containers: 0 code blocks found
[2026-05-25T20:29:26.101Z] VISIT [45/93] application-ui > Layout > Media Objects
[2026-05-25T20:29:30.013Z]   → Media Objects: 0 code blocks found
[2026-05-25T20:29:30.051Z] VISIT [46/93] application-ui > Layout > Dividers
[2026-05-25T20:29:33.429Z]   → Dividers: 0 code blocks found
[2026-05-25T20:29:33.460Z] VISIT [47/93] application-ui > Page Examples > Home Screens
[2026-05-25T20:29:37.586Z]   → Home Screens: 0 code blocks found
[2026-05-25T20:29:37.613Z] VISIT [48/93] application-ui > Page Examples > Detail Screens
[2026-05-25T20:29:41.477Z]   → Detail Screens: 0 code blocks found
[2026-05-25T20:29:41.502Z] VISIT [49/93] application-ui > Page Examples > Settings Screens
[2026-05-25T20:29:44.821Z]   → Settings Screens: 0 code blocks found
[2026-05-25T20:29:44.842Z] VISIT [50/93] marketing > Page Sections > Hero Sections
[2026-05-25T20:29:55.543Z]   → Hero Sections: 2 code blocks found
[2026-05-25T20:29:55.576Z] VISIT [51/93] marketing > Page Sections > Feature Sections
[2026-05-25T20:30:03.315Z]   → Feature Sections: 4 code blocks found
[2026-05-25T20:30:03.339Z] VISIT [52/93] marketing > Page Sections > CTA Sections
[2026-05-25T20:30:09.276Z]   → CTA Sections: 2 code blocks found
[2026-05-25T20:30:09.307Z] VISIT [53/93] marketing > Page Sections > Bento Grids
[2026-05-25T20:30:14.621Z]   → Bento Grids: 2 code blocks found
[2026-05-25T20:30:14.646Z] VISIT [54/93] marketing > Page Sections > Pricing Sections
[2026-05-25T20:30:22.869Z]   → Pricing Sections: 2 code blocks found
[2026-05-25T20:30:22.894Z] VISIT [55/93] marketing > Page Sections > Header Sections
[2026-05-25T20:30:29.417Z]   → Header Sections: 2 code blocks found
[2026-05-25T20:30:29.445Z] VISIT [56/93] marketing > Page Sections > Newsletter Sections
[2026-05-25T20:30:33.079Z]   → Newsletter Sections: 2 code blocks found
[2026-05-25T20:30:33.107Z] VISIT [57/93] marketing > Page Sections > Stats
[2026-05-25T20:30:38.903Z]   → Stats: 2 code blocks found
[2026-05-25T20:30:38.931Z] VISIT [58/93] marketing > Page Sections > Testimonials
[2026-05-25T20:30:44.840Z]   → Testimonials: 2 code blocks found
[2026-05-25T20:30:44.872Z] VISIT [59/93] marketing > Page Sections > Blog Sections
[2026-05-25T20:30:55.745Z]   → Blog Sections: 2 code blocks found
[2026-05-25T20:30:55.776Z] VISIT [60/93] marketing > Page Sections > Contact Sections
[2026-05-25T20:31:01.837Z]   → Contact Sections: 2 code blocks found
[2026-05-25T20:31:01.866Z] VISIT [61/93] marketing > Page Sections > Team Sections
[2026-05-25T20:31:12.267Z]   → Team Sections: 2 code blocks found
[2026-05-25T20:31:12.289Z] VISIT [62/93] marketing > Page Sections > Content Sections
[2026-05-25T20:31:19.885Z]   → Content Sections: 2 code blocks found
[2026-05-25T20:31:19.918Z] VISIT [63/93] marketing > Page Sections > Logo Clouds
[2026-05-25T20:31:24.400Z]   → Logo Clouds: 2 code blocks found
[2026-05-25T20:31:24.435Z] VISIT [64/93] marketing > Page Sections > FAQs
[2026-05-25T20:31:28.792Z]   → FAQs: 0 code blocks found
[2026-05-25T20:31:28.824Z] VISIT [65/93] marketing > Page Sections > Footers
[2026-05-25T20:31:33.102Z]   → Footers: 0 code blocks found
[2026-05-25T20:31:33.134Z] VISIT [66/93] marketing > Elements > Headers
[2026-05-25T20:31:38.637Z]   → Headers: 2 code blocks found
[2026-05-25T20:31:38.669Z] VISIT [67/93] marketing > Elements > Flyout Menus
[2026-05-25T20:31:43.922Z]   → Flyout Menus: 2 code blocks found
[2026-05-25T20:31:43.958Z] VISIT [68/93] marketing > Elements > Banners
[2026-05-25T20:31:48.202Z]   → Banners: 2 code blocks found
[2026-05-25T20:31:48.253Z] VISIT [69/93] marketing > Feedback > 404 Pages
[2026-05-25T20:31:52.940Z]   → 404 Pages: 2 code blocks found
[2026-05-25T20:31:52.974Z] VISIT [70/93] marketing > Page Examples > Landing Pages
[2026-05-25T20:32:03.053Z]   → Landing Pages: 0 code blocks found
[2026-05-25T20:32:03.073Z] VISIT [71/93] marketing > Page Examples > Pricing Pages
[2026-05-25T20:32:09.218Z]   → Pricing Pages: 0 code blocks found
[2026-05-25T20:32:09.251Z] VISIT [72/93] marketing > Page Examples > About Pages
[2026-05-25T20:32:20.838Z]   → About Pages: 0 code blocks found
[2026-05-25T20:32:20.873Z] VISIT [73/93] ecommerce > Components > Product Overviews
[2026-05-25T20:32:26.036Z]   → Product Overviews: 2 code blocks found
[2026-05-25T20:32:26.065Z] VISIT [74/93] ecommerce > Components > Product Lists
[2026-05-25T20:32:33.853Z]   → Product Lists: 4 code blocks found
[2026-05-25T20:32:33.887Z] VISIT [75/93] ecommerce > Components > Category Previews
[2026-05-25T20:32:38.919Z]   → Category Previews: 2 code blocks found
[2026-05-25T20:32:38.955Z] VISIT [76/93] ecommerce > Components > Shopping Carts
[2026-05-25T20:32:43.693Z]   → Shopping Carts: 2 code blocks found
[2026-05-25T20:32:43.722Z] VISIT [77/93] ecommerce > Components > Category Filters
[2026-05-25T20:32:47.503Z]   → Category Filters: 2 code blocks found
[2026-05-25T20:32:47.534Z] VISIT [78/93] ecommerce > Components > Product Quickviews
[2026-05-25T20:32:51.435Z]   → Product Quickviews: 2 code blocks found
[2026-05-25T20:32:51.468Z] VISIT [79/93] ecommerce > Components > Product Features
[2026-05-25T20:32:58.388Z]   → Product Features: 2 code blocks found
[2026-05-25T20:32:58.420Z] VISIT [80/93] ecommerce > Components > Store Navigation
[2026-05-25T20:33:03.333Z]   → Store Navigation: 2 code blocks found
[2026-05-25T20:33:03.364Z] VISIT [81/93] ecommerce > Components > Promo Sections
[2026-05-25T20:33:09.406Z]   → Promo Sections: 2 code blocks found
[2026-05-25T20:33:09.450Z] VISIT [82/93] ecommerce > Components > Checkout Forms
[2026-05-25T20:33:14.462Z]   → Checkout Forms: 0 code blocks found
[2026-05-25T20:33:14.503Z] VISIT [83/93] ecommerce > Components > Reviews
[2026-05-25T20:33:19.101Z]   → Reviews: 0 code blocks found
[2026-05-25T20:33:19.139Z] VISIT [84/93] ecommerce > Components > Order Summaries
[2026-05-25T20:33:24.584Z]   → Order Summaries: 0 code blocks found
[2026-05-25T20:33:24.650Z] VISIT [85/93] ecommerce > Components > Order History
[2026-05-25T20:33:29.370Z]   → Order History: 0 code blocks found
[2026-05-25T20:33:29.411Z] VISIT [86/93] ecommerce > Components > Incentives
[2026-05-25T20:33:34.647Z]   → Incentives: 0 code blocks found
[2026-05-25T20:33:34.684Z] VISIT [87/93] ecommerce > Page Examples > Storefront Pages
[2026-05-25T20:33:46.036Z]   → Storefront Pages: 0 code blocks found
[2026-05-25T20:33:46.073Z] VISIT [88/93] ecommerce > Page Examples > Product Pages
[2026-05-25T20:33:57.552Z]   → Product Pages: 0 code blocks found
[2026-05-25T20:33:57.589Z] VISIT [89/93] ecommerce > Page Examples > Category Pages
[2026-05-25T20:34:07.539Z]   → Category Pages: 0 code blocks found
[2026-05-25T20:34:07.583Z] VISIT [90/93] ecommerce > Page Examples > Shopping Cart Pages
[2026-05-25T20:34:12.940Z]   → Shopping Cart Pages: 0 code blocks found
[2026-05-25T20:34:12.989Z] VISIT [91/93] ecommerce > Page Examples > Checkout Pages
[2026-05-25T20:34:18.706Z]   → Checkout Pages: 0 code blocks found
[2026-05-25T20:34:18.765Z] VISIT [92/93] ecommerce > Page Examples > Order Detail Pages
[2026-05-25T20:34:23.475Z]   → Order Detail Pages: 0 code blocks found
[2026-05-25T20:34:23.517Z] VISIT [93/93] ecommerce > Page Examples > Order History Pages
[2026-05-25T20:34:30.993Z]   → Order History Pages: 0 code blocks found
[2026-05-25T20:34:31.043Z] SPEC cypress/e2e/discover-pages.cy.ts — 4 passed, 0 failed
